# serializer version: 1
# name: test_restore_device_tracker_save_state[enabled_entities0-vw_id_4-location]
  list([
    dict({
      'raw_value': dict({
        'latitude': 37.4292,
        'longitude': 122.1381,
      }),
    }),
  ])
# ---
# name: test_webhook_update[vehicle_state-vw_id_4-device_tracker][device_tracker.vw_id_4_location]
  StateSnapshot({
    'attributes': ReadOnlyDict({
      'friendly_name': 'VW ID.4 Location',
      'icon': 'mdi:car',
    }),
    'context': <ANY>,
    'entity_id': 'device_tracker.vw_id_4_location',
    'last_changed': <ANY>,
    'last_reported': <ANY>,
    'last_updated': <ANY>,
    'state': 'unavailable',
  })
# ---
